//
// Design Resource Utilization Report
// Generated on: Wed 14 Oct 2015 15:56:34 +0100
//

Mean_Shift_Main_input_read_YUV_to_RGB Total: 
6    Muxs : 6x8 
35   Ands : 35x1 
3    Greater Thans : 3x16 
1    Register : 1x1 
8    Nots : 8x1 
23   Adds : 1x28 2x27 3x26 13x25 2x24 2x23 
5    Subtracts : 2x25 3x9 
1    Or : 1x1 
3    Less Thans : 3x16 

Design: Mean_Shift_Main_input_read_YUV_to_RGB
---------------------------------------------
Entry: Mean_Shift_Main_input_read_YUV_to_RGB_untagged_0_instance
----------------------------------------------------------------
    Method: Mean_Shift_Main_input_read_YUV_to_RGB_untagged_0
    --------------------------------------------------------
    6    Muxs : 6x8 
    24   Ands : 24x1 
    3    Greater Thans : 3x16 
    6    Nots : 6x1 
    23   Adds : 1x28 2x27 3x26 13x25 2x24 2x23 
    5    Subtracts : 2x25 3x9 
    3    Less Thans : 3x16 

    Method Total:
    6    Muxs : 6x8 
    24   Ands : 24x1 
    3    Greater Thans : 3x16 
    6    Nots : 6x1 
    23   Adds : 1x28 2x27 3x26 13x25 2x24 2x23 
    5    Subtracts : 2x25 3x9 
    3    Less Thans : 3x16 
    -------------
-----------------------------------------------------------------------
Entry: Mean_Shift_Main_input_read_YUV_to_RGB_untagged_0_instance Total: 
6    Muxs : 6x8 
24   Ands : 24x1 
3    Greater Thans : 3x16 
6    Nots : 6x1 
23   Adds : 1x28 2x27 3x26 13x25 2x24 2x23 
5    Subtracts : 2x25 3x9 
3    Less Thans : 3x16 
-----------------------------------------------------------------------

Entry: Mean_Shift_Main_input_read_YUV_to_RGB_scheduler_instance
---------------------------------------------------------------
    Method: Mean_Shift_Main_input_read_YUV_to_RGB_scheduler
    -------------------------------------------------------
    11   Ands : 11x1 
    1    Register : 1x1 
    2    Nots : 2x1 
    1    Or : 1x1 

    Method Total:
    11   Ands : 11x1 
    1    Register : 1x1 
    2    Nots : 2x1 
    1    Or : 1x1 
    -------------
----------------------------------------------------------------------
Entry: Mean_Shift_Main_input_read_YUV_to_RGB_scheduler_instance Total: 
11   Ands : 11x1 
1    Register : 1x1 
2    Nots : 2x1 
1    Or : 1x1 
----------------------------------------------------------------------

