//
// Design Resource Utilization Report
// Generated on: Tue 17 Nov 2015 16:03:58 +0000
//

PROCESS Total: 
74   Ands : 74x1 
83   Registers : 24x32 3x8 56x1 
3    Memorys : 3x8 
66   Adds : 4x64 62x32 
22   Muxs : 16x32 6x1 
4    Latchs : 4x32 
11   Nots : 11x1 
3    Equal Tos : 3x32 
44   Ors : 44x1 
2    Less Than Or Equal Tos : 2x32 

Design: PROCESS
---------------
Entry: PROCESS_getValueRGB_instance
-----------------------------------
    Method: PROCESS_getValueRGB
    ---------------------------
    1    Equal To : 1x32 
    7    Ands : 7x1 
    3    Ors : 3x1 
    11   Registers : 3x32 3x8 5x1 
    14   Adds : 2x64 12x32 
    2    Muxs : 2x32 
    1    Not : 1x1 

    Method Total:
    1    Equal To : 1x32 
    7    Ands : 7x1 
    3    Ors : 3x1 
    11   Registers : 3x32 3x8 5x1 
    14   Adds : 2x64 12x32 
    2    Muxs : 2x32 
    1    Not : 1x1 
    -------------
------------------------------------------
Entry: PROCESS_getValueRGB_instance Total: 
1    Equal To : 1x32 
7    Ands : 7x1 
3    Ors : 3x1 
11   Registers : 3x32 3x8 5x1 
14   Adds : 2x64 12x32 
2    Muxs : 2x32 
1    Not : 1x1 
------------------------------------------

Entry: PROCESS_doneCountIm_instance
-----------------------------------
    Method: PROCESS_doneCountIm
    ---------------------------
    1    Register : 1x1 

    Method Total:
    1    Register : 1x1 
    -------------
------------------------------------------
Entry: PROCESS_doneCountIm_instance Total: 
1    Register : 1x1 
------------------------------------------

Entry: PROCESS_drawRectangle_instance
-------------------------------------
    Method: PROCESS_drawRectangle
    -----------------------------
    20   Ands : 20x1 
    2    Less Than Or Equal Tos : 2x32 
    20   Ors : 20x1 
    41   Registers : 18x32 23x1 
    38   Adds : 38x32 
    12   Muxs : 12x32 
    4    Latchs : 4x32 
    2    Nots : 2x1 

    Method Total:
    20   Ands : 20x1 
    2    Less Than Or Equal Tos : 2x32 
    20   Ors : 20x1 
    41   Registers : 18x32 23x1 
    38   Adds : 38x32 
    12   Muxs : 12x32 
    4    Latchs : 4x32 
    2    Nots : 2x1 
    -------------
--------------------------------------------
Entry: PROCESS_drawRectangle_instance Total: 
20   Ands : 20x1 
2    Less Than Or Equal Tos : 2x32 
20   Ors : 20x1 
41   Registers : 18x32 23x1 
38   Adds : 38x32 
12   Muxs : 12x32 
4    Latchs : 4x32 
2    Nots : 2x1 
--------------------------------------------

Entry: PROCESS_send_instance
----------------------------
    Method: PROCESS_send
    --------------------
    1    Equal To : 1x32 
    7    Ands : 7x1 
    3    Ors : 3x1 
    8    Registers : 3x32 5x1 
    3    Memorys : 3x8 
    14   Adds : 2x64 12x32 
    2    Muxs : 2x32 
    1    Not : 1x1 

    Method Total:
    1    Equal To : 1x32 
    7    Ands : 7x1 
    3    Ors : 3x1 
    8    Registers : 3x32 5x1 
    3    Memorys : 3x8 
    14   Adds : 2x64 12x32 
    2    Muxs : 2x32 
    1    Not : 1x1 
    -------------
-----------------------------------
Entry: PROCESS_send_instance Total: 
1    Equal To : 1x32 
7    Ands : 7x1 
3    Ors : 3x1 
8    Registers : 3x32 5x1 
3    Memorys : 3x8 
14   Adds : 2x64 12x32 
2    Muxs : 2x32 
1    Not : 1x1 
-----------------------------------

Entry: PROCESS_scheduler_instance
---------------------------------
    Method: PROCESS_scheduler
    -------------------------
    1    Equal To : 1x32 
    40   Ands : 40x1 
    18   Ors : 18x1 
    22   Registers : 22x1 
    6    Muxs : 6x1 
    7    Nots : 7x1 

    Method Total:
    1    Equal To : 1x32 
    40   Ands : 40x1 
    18   Ors : 18x1 
    22   Registers : 22x1 
    6    Muxs : 6x1 
    7    Nots : 7x1 
    -------------
----------------------------------------
Entry: PROCESS_scheduler_instance Total: 
1    Equal To : 1x32 
40   Ands : 40x1 
18   Ors : 18x1 
22   Registers : 22x1 
6    Muxs : 6x1 
7    Nots : 7x1 
----------------------------------------

